// Jest Snapshot v1, https://goo.gl/fbAQLP

exports[`FilterableStudentList renders without crashing and matches the last snapshot 1`] = `
<StudentListFilterForm
  filter=""
  onAddStudent={[Function]}
  onFilterStudents={[Function]}
>
  <Form
    bsClass="form"
    componentClass="form"
    horizontal={false}
    inline={true}
  >
    <form
      className="form-inline"
    >
      <FormGroup
        bsClass="form-group"
        controlId="formFilterStudents"
      >
        <div
          className="form-group"
        >
          <ControlLabel
            bsClass="control-label"
            srOnly={false}
          >
            <label
              className="control-label"
              htmlFor="formFilterStudents"
            >
              Search Last Name:
            </label>
          </ControlLabel>
          <FormControl
            bsClass="form-control"
            componentClass="input"
            onChange={[Function]}
            type="text"
            value=""
          >
            <input
              className="form-control"
              id="formFilterStudents"
              onChange={[Function]}
              type="text"
              value=""
            />
          </FormControl>
          <Button
            active={false}
            block={false}
            bsClass="btn"
            bsStyle="default"
            className="pull-right"
            disabled={false}
            onClick={[Function]}
            type="button"
          >
            <button
              className="pull-right btn btn-default"
              disabled={false}
              onClick={[Function]}
              type="button"
            >
              Add Student
            </button>
          </Button>
        </div>
      </FormGroup>
      <EditStudentModal
        initialStudent={StudentData {}}
        onHide={[Function]}
        onSubmit={[Function]}
        show={false}
        submitButtonText="Add Student"
        title="Add Student"
      >
        <div
          className="static-modal"
        >
          <Modal
            animation={true}
            autoFocus={true}
            backdrop={true}
            bsClass="modal"
            dialogClassName="custom-modal"
            dialogComponentClass={[Function]}
            enforceFocus={true}
            keyboard={true}
            manager={
              ModalManager {
                "add": [Function],
                "containers": Array [],
                "data": Array [],
                "handleContainerOverflow": true,
                "hideSiblingNodes": true,
                "isTopModal": [Function],
                "modals": Array [],
                "remove": [Function],
              }
            }
            onHide={[Function]}
            renderBackdrop={[Function]}
            restoreFocus={true}
            show={false}
          >
            <Modal
              autoFocus={true}
              backdrop={true}
              backdropClassName="modal-backdrop"
              backdropTransitionTimeout={150}
              containerClassName="modal-open"
              dialogTransitionTimeout={300}
              enforceFocus={true}
              keyboard={true}
              manager={
                ModalManager {
                  "add": [Function],
                  "containers": Array [],
                  "data": Array [],
                  "handleContainerOverflow": true,
                  "hideSiblingNodes": true,
                  "isTopModal": [Function],
                  "modals": Array [],
                  "remove": [Function],
                }
              }
              onEntering={[Function]}
              onExited={[Function]}
              onHide={[Function]}
              renderBackdrop={[Function]}
              restoreFocus={true}
              show={false}
              transition={[Function]}
            />
          </Modal>
        </div>
      </EditStudentModal>
    </form>
  </Form>
</StudentListFilterForm>
`;
